******************************************************************************
            TI ARM Clang Linker PC v5.1.1                      
******************************************************************************
>> Linked Wed Sep  9 22:12:00 2026

OUTPUT FILE NAME:   <empty_driverlib_src.out>
ENTRY POINT SYMBOL: "_c_int00_noinit_noargs"  address: 0000011d


MEMORY CONFIGURATION

         name            origin    length      used     unused   attr    fill
----------------------  --------  ---------  --------  --------  ----  --------
  FLASH                 00000000   00020000  00000178  0001fe88  R  X
  SRAM                  20200000   00008000  00000100  00007f00  RW X
  BCR_CONFIG            41c00000   000000ff  00000000  000000ff  R   
  BSL_CONFIG            41c00100   00000080  00000000  00000080  R   
  DATA                  41d00000   00002000  00000000  00002000  R   


SEGMENT ALLOCATION MAP

run origin  load origin   length   init length attrs members
----------  ----------- ---------- ----------- ----- -------
00000000    00000000    00000178   00000178    r-x
  00000000    00000000    000000c0   000000c0    r-- .intvecs
  000000c0    000000c0    000000b8   000000b8    r-x .text
20207f00    20207f00    00000100   00000000    rw-
  20207f00    20207f00    00000100   00000000    rw- .stack


SECTION ALLOCATION MAP

 output                                  attributes/
section   page    origin      length       input sections
--------  ----  ----------  ----------   ----------------
.intvecs   0    00000000    000000c0     
                  00000000    000000c0     startup_mspm0g518x_ticlang.o (.intvecs)

.text      0    000000c0    000000b8     
                  000000c0    00000030     ti_msp_dl_config.o (.text.SYSCFG_DL_SYSCTL_init)
                  000000f0    0000002c     ti_msp_dl_config.o (.text.SYSCFG_DL_initPower)
                  0000011c    00000020     libc.a : boot_cortex_m.c.obj (.text:_c_int00_noinit_noargs)
                  0000013c    00000010     ti_msp_dl_config.o (.text.SYSCFG_DL_init)
                  0000014c    0000000a     dl_common.o (.text.DL_Common_delayCycles)
                  00000156    00000006     empty.o (.text.main)
                  0000015c    00000006     libc.a : exit.c.obj (.text:abort)
                  00000162    00000004     libsysbm.a : hostexit.c.obj (.text.HOSTexit)
                  00000166    00000004     startup_mspm0g518x_ticlang.o (.text.Reset_Handler)
                  0000016a    00000004     libc.a : pre_init.c.obj (.text._system_pre_init)
                  0000016e    00000002     startup_mspm0g518x_ticlang.o (.text.Default_Handler)
                  00000170    00000002     ti_msp_dl_config.o (.text.SYSCFG_DL_GPIO_init)
                  00000172    00000006     --HOLE-- [fill = 0]

.cinit     0    00000000    00000000     

.init_array 
*          0    00000000    00000000     UNINITIALIZED

.binit     0    00000000    00000000     

.stack     0    20207f00    00000100     UNINITIALIZED
                  20207f00    00000004     libc.a : boot_cortex_m.c.obj (.stack)
                  20207f04    000000fc     --HOLE--

__llvm_prf_cnts 
*          0    20200000    00000000     UNINITIALIZED

__llvm_prf_bits 
*          0    20200000    00000000     UNINITIALIZED

MODULE SUMMARY

       Module                         code   ro data   rw data
       ------                         ----   -------   -------
    .\
       startup_mspm0g518x_ticlang.o   6      192       0      
       ti_msp_dl_config.o             110    0         0      
       empty.o                        6      0         0      
    +--+------------------------------+------+---------+---------+
       Total:                         122    192       0      
                                                              
    .\ti\driverlib\
       dl_common.o                    10     0         0      
    +--+------------------------------+------+---------+---------+
       Total:                         10     0         0      
                                                              
    C:\ti\ccs2100\ccs\tools\compiler\ti-cgt-armllvm_5.1.1.LTS\lib\armv6m-ti-none-eabi/c/libc.a
       boot_cortex_m.c.obj            32     0         0      
       exit.c.obj                     6      0         0      
       pre_init.c.obj                 4      0         0      
    +--+------------------------------+------+---------+---------+
       Total:                         42     0         0      
                                                              
    C:\ti\ccs2100\ccs\tools\compiler\ti-cgt-armllvm_5.1.1.LTS\lib\armv6m-ti-none-eabi/c/libsysbm.a
       hostexit.c.obj                 4      0         0      
    +--+------------------------------+------+---------+---------+
       Total:                         4      0         0      
                                                              
       Stack:                         0      0         256    
    +--+------------------------------+------+---------+---------+
       Grand Total:                   178    192       256    


GLOBAL SYMBOLS: SORTED ALPHABETICALLY BY Name 

address   name                    
-------   ----                    
0000016f  ADC0_IRQHandler         
0000016f  AESADV_IRQHandler       
00000162  C$$EXIT                 
0000014d  DL_Common_delayCycles   
0000016f  DMA_IRQHandler          
0000016f  Default_Handler         
0000016f  GROUP0_IRQHandler       
0000016f  GROUP1_IRQHandler       
00000163  HOSTexit                
0000016f  HardFault_Handler       
0000016f  I2S0_IRQHandler         
0000016f  LFSS_IRQHandler         
0000016f  NMI_Handler             
0000016f  NPU_IRQHandler          
0000016f  PendSV_Handler          
00000167  Reset_Handler           
0000016f  SVC_Handler             
00000171  SYSCFG_DL_GPIO_init     
000000c1  SYSCFG_DL_SYSCTL_init   
0000013d  SYSCFG_DL_init          
000000f1  SYSCFG_DL_initPower     
0000016f  SysTick_Handler         
0000016f  TIMA0_IRQHandler        
0000016f  TIMB0_IRQHandler        
0000016f  TIMG0_IRQHandler        
0000016f  TIMG6_IRQHandler        
0000016f  TIMG7_IRQHandler        
0000016f  UC0_IRQHandler          
0000016f  UC1_IRQHandler          
0000016f  UC2_IRQHandler          
0000016f  UC3_IRQHandler          
0000016f  USBFS0_IRQHandler       
20208000  __STACK_END             
00000100  __STACK_SIZE            
00000000  __TI_ATRegion0_region_sz
00000000  __TI_ATRegion0_src_addr 
00000000  __TI_ATRegion0_trg_addr 
00000000  __TI_ATRegion1_region_sz
00000000  __TI_ATRegion1_src_addr 
00000000  __TI_ATRegion1_trg_addr 
00000000  __TI_ATRegion2_region_sz
00000000  __TI_ATRegion2_src_addr 
00000000  __TI_ATRegion2_trg_addr 
00000000  __TI_CINIT_Base         
00000000  __TI_CINIT_Limit        
00000000  __TI_CINIT_Warm         
ffffffff  __TI_pprof_out_hndl     
ffffffff  __TI_prof_data_size     
ffffffff  __TI_prof_data_start    
00000000  __TI_static_base__      
ffffffff  __binit__               
UNDEFED   __mpu_init              
20207f00  __stack                 
20200000  __start___llvm_prf_bits 
20200000  __start___llvm_prf_cnts 
20200000  __stop___llvm_prf_bits  
20200000  __stop___llvm_prf_cnts  
0000011d  _c_int00_noinit_noargs  
0000016b  _system_pre_init        
0000015d  abort                   
ffffffff  binit                   
00000000  interruptVectors        
00000157  main                    


GLOBAL SYMBOLS: SORTED BY Symbol Address 

address   name                    
-------   ----                    
00000000  __TI_ATRegion0_region_sz
00000000  __TI_ATRegion0_src_addr 
00000000  __TI_ATRegion0_trg_addr 
00000000  __TI_ATRegion1_region_sz
00000000  __TI_ATRegion1_src_addr 
00000000  __TI_ATRegion1_trg_addr 
00000000  __TI_ATRegion2_region_sz
00000000  __TI_ATRegion2_src_addr 
00000000  __TI_ATRegion2_trg_addr 
00000000  __TI_CINIT_Base         
00000000  __TI_CINIT_Limit        
00000000  __TI_CINIT_Warm         
00000000  __TI_static_base__      
00000000  interruptVectors        
000000c1  SYSCFG_DL_SYSCTL_init   
000000f1  SYSCFG_DL_initPower     
00000100  __STACK_SIZE            
0000011d  _c_int00_noinit_noargs  
0000013d  SYSCFG_DL_init          
0000014d  DL_Common_delayCycles   
00000157  main                    
0000015d  abort                   
00000162  C$$EXIT                 
00000163  HOSTexit                
00000167  Reset_Handler           
0000016b  _system_pre_init        
0000016f  ADC0_IRQHandler         
0000016f  AESADV_IRQHandler       
0000016f  DMA_IRQHandler          
0000016f  Default_Handler         
0000016f  GROUP0_IRQHandler       
0000016f  GROUP1_IRQHandler       
0000016f  HardFault_Handler       
0000016f  I2S0_IRQHandler         
0000016f  LFSS_IRQHandler         
0000016f  NMI_Handler             
0000016f  NPU_IRQHandler          
0000016f  PendSV_Handler          
0000016f  SVC_Handler             
0000016f  SysTick_Handler         
0000016f  TIMA0_IRQHandler        
0000016f  TIMB0_IRQHandler        
0000016f  TIMG0_IRQHandler        
0000016f  TIMG6_IRQHandler        
0000016f  TIMG7_IRQHandler        
0000016f  UC0_IRQHandler          
0000016f  UC1_IRQHandler          
0000016f  UC2_IRQHandler          
0000016f  UC3_IRQHandler          
0000016f  USBFS0_IRQHandler       
00000171  SYSCFG_DL_GPIO_init     
20200000  __start___llvm_prf_bits 
20200000  __start___llvm_prf_cnts 
20200000  __stop___llvm_prf_bits  
20200000  __stop___llvm_prf_cnts  
20207f00  __stack                 
20208000  __STACK_END             
ffffffff  __TI_pprof_out_hndl     
ffffffff  __TI_prof_data_size     
ffffffff  __TI_prof_data_start    
ffffffff  __binit__               
ffffffff  binit                   
UNDEFED   __mpu_init              

[63 symbols]
