<?xml version="1.0" encoding="ISO-8859-1" ?>
<link_info>
   <banner>TI ARM Clang Linker PC v5.1.1.LTS</banner>
   <copyright>Copyright (c) 1996-2018 Texas Instruments Incorporated</copyright>
   <command_line>C:\ti\ccs2100\ccs\tools\compiler\ti-cgt-armllvm_5.1.1.LTS\bin\tiarmlnk -IC:\ti\ccs2100\ccs\tools\compiler\ti-cgt-armllvm_5.1.1.LTS\lib -o empty_driverlib_src.out --cg_opt_level=2 -mempty_driverlib_src.map -iC:/ti/mspm0_sdk_2_11_00_07/source -iC:/Users/popli/workspace_ccstheia/empty_driverlib_src -iC:/Users/popli/workspace_ccstheia/empty_driverlib_src/Debug/syscfg -iC:/ti/ccs2100/ccs/tools/compiler/ti-cgt-armllvm_5.1.1.LTS/lib --diag_wrap=off --display_error_number --warn_sections --xml_link_info=empty_driverlib_src_linkInfo.xml --rom_model ./empty.o ./ti_msp_dl_config.o ./startup_mspm0g518x_ticlang.o ./ti/driverlib/dl_adc12.o ./ti/driverlib/dl_aes.o ./ti/driverlib/dl_aesadv.o ./ti/driverlib/dl_common.o ./ti/driverlib/dl_comp.o ./ti/driverlib/dl_crc.o ./ti/driverlib/dl_crcp.o ./ti/driverlib/dl_dac12.o ./ti/driverlib/dl_dma.o ./ti/driverlib/dl_flashctl.o ./ti/driverlib/dl_gpamp.o ./ti/driverlib/dl_gpio.o ./ti/driverlib/dl_i2c.o ./ti/driverlib/dl_i2s.o ./ti/driverlib/dl_iwdt.o ./ti/driverlib/dl_keystorectl.o ./ti/driverlib/dl_lcd.o ./ti/driverlib/dl_lfss.o ./ti/driverlib/dl_mathacl.o ./ti/driverlib/dl_mcan.o ./ti/driverlib/dl_npu.o ./ti/driverlib/dl_opa.o ./ti/driverlib/dl_rtc.o ./ti/driverlib/dl_rtc_a.o ./ti/driverlib/dl_rtc_b.o ./ti/driverlib/dl_rtc_common.o ./ti/driverlib/dl_scratchpad.o ./ti/driverlib/dl_spgss.o ./ti/driverlib/dl_spi.o ./ti/driverlib/dl_tamperio.o ./ti/driverlib/dl_timer.o ./ti/driverlib/dl_timera.o ./ti/driverlib/dl_timerb.o ./ti/driverlib/dl_timerg.o ./ti/driverlib/dl_trng.o ./ti/driverlib/dl_uart.o ./ti/driverlib/dl_unicomm.o ./ti/driverlib/dl_unicommi2cc.o ./ti/driverlib/dl_unicommi2ct.o ./ti/driverlib/dl_unicommspi.o ./ti/driverlib/dl_unicommuart.o ./ti/driverlib/dl_vref.o ./ti/driverlib/dl_wwdt.o ./ti/driverlib/m0p/dl_factoryregion.o ./ti/driverlib/m0p/dl_interrupt.o ./ti/driverlib/m0p/sysctl/dl_sysctl_mspm0c1105_c1106.o ./ti/driverlib/m0p/sysctl/dl_sysctl_mspm0c110x.o ./ti/driverlib/m0p/sysctl/dl_sysctl_mspm0g1x0x_g3x0x.o ./ti/driverlib/m0p/sysctl/dl_sysctl_mspm0g352x.o ./ti/driverlib/m0p/sysctl/dl_sysctl_mspm0g511x.o ./ti/driverlib/m0p/sysctl/dl_sysctl_mspm0g518x.o ./ti/driverlib/m0p/sysctl/dl_sysctl_mspm0gx218_gx207.o ./ti/driverlib/m0p/sysctl/dl_sysctl_mspm0gx51x.o ./ti/driverlib/m0p/sysctl/dl_sysctl_mspm0h321x.o ./ti/driverlib/m0p/sysctl/dl_sysctl_mspm0l111x.o ./ti/driverlib/m0p/sysctl/dl_sysctl_mspm0l11xx_l13xx.o ./ti/driverlib/m0p/sysctl/dl_sysctl_mspm0l122x_l222x.o ./ti/driverlib/m0p/sysctl/dl_sysctl_mspm0l211x_l112x.o -l./device_linker.cmd -ldevice.cmd.genlibs -llibc.a --start-group -llibc++.a -llibc++abi.a -llibc.a -llibsys.a -llibsysbm.a -llibclang_rt.builtins.a -llibclang_rt.profile.a --end-group</command_line>
   <link_time>0x6aa22000</link_time>
   <link_errors>0x0</link_errors>
   <output_file>C:\Users\popli\workspace_ccstheia\empty_driverlib_src\Debug\empty_driverlib_src.out</output_file>
   <entry_point>
      <name>_c_int00_noinit_noargs</name>
      <address>0x11d</address>
   </entry_point>
   <input_file_list>
      <input_file id="fl-1">
         <path>C:\Users\popli\workspace_ccstheia\empty_driverlib_src\Debug\.\</path>
         <kind>object</kind>
         <file>empty.o</file>
         <name>empty.o</name>
      </input_file>
      <input_file id="fl-2">
         <path>C:\Users\popli\workspace_ccstheia\empty_driverlib_src\Debug\.\</path>
         <kind>object</kind>
         <file>ti_msp_dl_config.o</file>
         <name>ti_msp_dl_config.o</name>
      </input_file>
      <input_file id="fl-3">
         <path>C:\Users\popli\workspace_ccstheia\empty_driverlib_src\Debug\.\</path>
         <kind>object</kind>
         <file>startup_mspm0g518x_ticlang.o</file>
         <name>startup_mspm0g518x_ticlang.o</name>
      </input_file>
      <input_file id="fl-4">
         <path>C:\Users\popli\workspace_ccstheia\empty_driverlib_src\Debug\.\ti\driverlib\</path>
         <kind>object</kind>
         <file>dl_adc12.o</file>
         <name>dl_adc12.o</name>
      </input_file>
      <input_file id="fl-5">
         <path>C:\Users\popli\workspace_ccstheia\empty_driverlib_src\Debug\.\ti\driverlib\</path>
         <kind>object</kind>
         <file>dl_aes.o</file>
         <name>dl_aes.o</name>
      </input_file>
      <input_file id="fl-6">
         <path>C:\Users\popli\workspace_ccstheia\empty_driverlib_src\Debug\.\ti\driverlib\</path>
         <kind>object</kind>
         <file>dl_aesadv.o</file>
         <name>dl_aesadv.o</name>
      </input_file>
      <input_file id="fl-7">
         <path>C:\Users\popli\workspace_ccstheia\empty_driverlib_src\Debug\.\ti\driverlib\</path>
         <kind>object</kind>
         <file>dl_common.o</file>
         <name>dl_common.o</name>
      </input_file>
      <input_file id="fl-8">
         <path>C:\Users\popli\workspace_ccstheia\empty_driverlib_src\Debug\.\ti\driverlib\</path>
         <kind>object</kind>
         <file>dl_comp.o</file>
         <name>dl_comp.o</name>
      </input_file>
      <input_file id="fl-9">
         <path>C:\Users\popli\workspace_ccstheia\empty_driverlib_src\Debug\.\ti\driverlib\</path>
         <kind>object</kind>
         <file>dl_crc.o</file>
         <name>dl_crc.o</name>
      </input_file>
      <input_file id="fl-a">
         <path>C:\Users\popli\workspace_ccstheia\empty_driverlib_src\Debug\.\ti\driverlib\</path>
         <kind>object</kind>
         <file>dl_crcp.o</file>
         <name>dl_crcp.o</name>
      </input_file>
      <input_file id="fl-b">
         <path>C:\Users\popli\workspace_ccstheia\empty_driverlib_src\Debug\.\ti\driverlib\</path>
         <kind>object</kind>
         <file>dl_dac12.o</file>
         <name>dl_dac12.o</name>
      </input_file>
      <input_file id="fl-c">
         <path>C:\Users\popli\workspace_ccstheia\empty_driverlib_src\Debug\.\ti\driverlib\</path>
         <kind>object</kind>
         <file>dl_dma.o</file>
         <name>dl_dma.o</name>
      </input_file>
      <input_file id="fl-d">
         <path>C:\Users\popli\workspace_ccstheia\empty_driverlib_src\Debug\.\ti\driverlib\</path>
         <kind>object</kind>
         <file>dl_flashctl.o</file>
         <name>dl_flashctl.o</name>
      </input_file>
      <input_file id="fl-e">
         <path>C:\Users\popli\workspace_ccstheia\empty_driverlib_src\Debug\.\ti\driverlib\</path>
         <kind>object</kind>
         <file>dl_gpamp.o</file>
         <name>dl_gpamp.o</name>
      </input_file>
      <input_file id="fl-f">
         <path>C:\Users\popli\workspace_ccstheia\empty_driverlib_src\Debug\.\ti\driverlib\</path>
         <kind>object</kind>
         <file>dl_gpio.o</file>
         <name>dl_gpio.o</name>
      </input_file>
      <input_file id="fl-10">
         <path>C:\Users\popli\workspace_ccstheia\empty_driverlib_src\Debug\.\ti\driverlib\</path>
         <kind>object</kind>
         <file>dl_i2c.o</file>
         <name>dl_i2c.o</name>
      </input_file>
      <input_file id="fl-11">
         <path>C:\Users\popli\workspace_ccstheia\empty_driverlib_src\Debug\.\ti\driverlib\</path>
         <kind>object</kind>
         <file>dl_i2s.o</file>
         <name>dl_i2s.o</name>
      </input_file>
      <input_file id="fl-12">
         <path>C:\Users\popli\workspace_ccstheia\empty_driverlib_src\Debug\.\ti\driverlib\</path>
         <kind>object</kind>
         <file>dl_iwdt.o</file>
         <name>dl_iwdt.o</name>
      </input_file>
      <input_file id="fl-13">
         <path>C:\Users\popli\workspace_ccstheia\empty_driverlib_src\Debug\.\ti\driverlib\</path>
         <kind>object</kind>
         <file>dl_keystorectl.o</file>
         <name>dl_keystorectl.o</name>
      </input_file>
      <input_file id="fl-14">
         <path>C:\Users\popli\workspace_ccstheia\empty_driverlib_src\Debug\.\ti\driverlib\</path>
         <kind>object</kind>
         <file>dl_lcd.o</file>
         <name>dl_lcd.o</name>
      </input_file>
      <input_file id="fl-15">
         <path>C:\Users\popli\workspace_ccstheia\empty_driverlib_src\Debug\.\ti\driverlib\</path>
         <kind>object</kind>
         <file>dl_lfss.o</file>
         <name>dl_lfss.o</name>
      </input_file>
      <input_file id="fl-16">
         <path>C:\Users\popli\workspace_ccstheia\empty_driverlib_src\Debug\.\ti\driverlib\</path>
         <kind>object</kind>
         <file>dl_mathacl.o</file>
         <name>dl_mathacl.o</name>
      </input_file>
      <input_file id="fl-17">
         <path>C:\Users\popli\workspace_ccstheia\empty_driverlib_src\Debug\.\ti\driverlib\</path>
         <kind>object</kind>
         <file>dl_mcan.o</file>
         <name>dl_mcan.o</name>
      </input_file>
      <input_file id="fl-18">
         <path>C:\Users\popli\workspace_ccstheia\empty_driverlib_src\Debug\.\ti\driverlib\</path>
         <kind>object</kind>
         <file>dl_npu.o</file>
         <name>dl_npu.o</name>
      </input_file>
      <input_file id="fl-19">
         <path>C:\Users\popli\workspace_ccstheia\empty_driverlib_src\Debug\.\ti\driverlib\</path>
         <kind>object</kind>
         <file>dl_opa.o</file>
         <name>dl_opa.o</name>
      </input_file>
      <input_file id="fl-1a">
         <path>C:\Users\popli\workspace_ccstheia\empty_driverlib_src\Debug\.\ti\driverlib\</path>
         <kind>object</kind>
         <file>dl_rtc.o</file>
         <name>dl_rtc.o</name>
      </input_file>
      <input_file id="fl-1b">
         <path>C:\Users\popli\workspace_ccstheia\empty_driverlib_src\Debug\.\ti\driverlib\</path>
         <kind>object</kind>
         <file>dl_rtc_a.o</file>
         <name>dl_rtc_a.o</name>
      </input_file>
      <input_file id="fl-1c">
         <path>C:\Users\popli\workspace_ccstheia\empty_driverlib_src\Debug\.\ti\driverlib\</path>
         <kind>object</kind>
         <file>dl_rtc_b.o</file>
         <name>dl_rtc_b.o</name>
      </input_file>
      <input_file id="fl-1d">
         <path>C:\Users\popli\workspace_ccstheia\empty_driverlib_src\Debug\.\ti\driverlib\</path>
         <kind>object</kind>
         <file>dl_rtc_common.o</file>
         <name>dl_rtc_common.o</name>
      </input_file>
      <input_file id="fl-1e">
         <path>C:\Users\popli\workspace_ccstheia\empty_driverlib_src\Debug\.\ti\driverlib\</path>
         <kind>object</kind>
         <file>dl_scratchpad.o</file>
         <name>dl_scratchpad.o</name>
      </input_file>
      <input_file id="fl-1f">
         <path>C:\Users\popli\workspace_ccstheia\empty_driverlib_src\Debug\.\ti\driverlib\</path>
         <kind>object</kind>
         <file>dl_spgss.o</file>
         <name>dl_spgss.o</name>
      </input_file>
      <input_file id="fl-20">
         <path>C:\Users\popli\workspace_ccstheia\empty_driverlib_src\Debug\.\ti\driverlib\</path>
         <kind>object</kind>
         <file>dl_spi.o</file>
         <name>dl_spi.o</name>
      </input_file>
      <input_file id="fl-21">
         <path>C:\Users\popli\workspace_ccstheia\empty_driverlib_src\Debug\.\ti\driverlib\</path>
         <kind>object</kind>
         <file>dl_tamperio.o</file>
         <name>dl_tamperio.o</name>
      </input_file>
      <input_file id="fl-22">
         <path>C:\Users\popli\workspace_ccstheia\empty_driverlib_src\Debug\.\ti\driverlib\</path>
         <kind>object</kind>
         <file>dl_timer.o</file>
         <name>dl_timer.o</name>
      </input_file>
      <input_file id="fl-23">
         <path>C:\Users\popli\workspace_ccstheia\empty_driverlib_src\Debug\.\ti\driverlib\</path>
         <kind>object</kind>
         <file>dl_timera.o</file>
         <name>dl_timera.o</name>
      </input_file>
      <input_file id="fl-24">
         <path>C:\Users\popli\workspace_ccstheia\empty_driverlib_src\Debug\.\ti\driverlib\</path>
         <kind>object</kind>
         <file>dl_timerb.o</file>
         <name>dl_timerb.o</name>
      </input_file>
      <input_file id="fl-25">
         <path>C:\Users\popli\workspace_ccstheia\empty_driverlib_src\Debug\.\ti\driverlib\</path>
         <kind>object</kind>
         <file>dl_timerg.o</file>
         <name>dl_timerg.o</name>
      </input_file>
      <input_file id="fl-26">
         <path>C:\Users\popli\workspace_ccstheia\empty_driverlib_src\Debug\.\ti\driverlib\</path>
         <kind>object</kind>
         <file>dl_trng.o</file>
         <name>dl_trng.o</name>
      </input_file>
      <input_file id="fl-27">
         <path>C:\Users\popli\workspace_ccstheia\empty_driverlib_src\Debug\.\ti\driverlib\</path>
         <kind>object</kind>
         <file>dl_uart.o</file>
         <name>dl_uart.o</name>
      </input_file>
      <input_file id="fl-28">
         <path>C:\Users\popli\workspace_ccstheia\empty_driverlib_src\Debug\.\ti\driverlib\</path>
         <kind>object</kind>
         <file>dl_unicomm.o</file>
         <name>dl_unicomm.o</name>
      </input_file>
      <input_file id="fl-29">
         <path>C:\Users\popli\workspace_ccstheia\empty_driverlib_src\Debug\.\ti\driverlib\</path>
         <kind>object</kind>
         <file>dl_unicommi2cc.o</file>
         <name>dl_unicommi2cc.o</name>
      </input_file>
      <input_file id="fl-2a">
         <path>C:\Users\popli\workspace_ccstheia\empty_driverlib_src\Debug\.\ti\driverlib\</path>
         <kind>object</kind>
         <file>dl_unicommi2ct.o</file>
         <name>dl_unicommi2ct.o</name>
      </input_file>
      <input_file id="fl-2b">
         <path>C:\Users\popli\workspace_ccstheia\empty_driverlib_src\Debug\.\ti\driverlib\</path>
         <kind>object</kind>
         <file>dl_unicommspi.o</file>
         <name>dl_unicommspi.o</name>
      </input_file>
      <input_file id="fl-2c">
         <path>C:\Users\popli\workspace_ccstheia\empty_driverlib_src\Debug\.\ti\driverlib\</path>
         <kind>object</kind>
         <file>dl_unicommuart.o</file>
         <name>dl_unicommuart.o</name>
      </input_file>
      <input_file id="fl-2d">
         <path>C:\Users\popli\workspace_ccstheia\empty_driverlib_src\Debug\.\ti\driverlib\</path>
         <kind>object</kind>
         <file>dl_vref.o</file>
         <name>dl_vref.o</name>
      </input_file>
      <input_file id="fl-2e">
         <path>C:\Users\popli\workspace_ccstheia\empty_driverlib_src\Debug\.\ti\driverlib\</path>
         <kind>object</kind>
         <file>dl_wwdt.o</file>
         <name>dl_wwdt.o</name>
      </input_file>
      <input_file id="fl-2f">
         <path>C:\Users\popli\workspace_ccstheia\empty_driverlib_src\Debug\.\ti\driverlib\m0p\</path>
         <kind>object</kind>
         <file>dl_factoryregion.o</file>
         <name>dl_factoryregion.o</name>
      </input_file>
      <input_file id="fl-30">
         <path>C:\Users\popli\workspace_ccstheia\empty_driverlib_src\Debug\.\ti\driverlib\m0p\</path>
         <kind>object</kind>
         <file>dl_interrupt.o</file>
         <name>dl_interrupt.o</name>
      </input_file>
      <input_file id="fl-31">
         <path>C:\Users\popli\workspace_ccstheia\empty_driverlib_src\Debug\.\ti\driverlib\m0p\sysctl\</path>
         <kind>object</kind>
         <file>dl_sysctl_mspm0c1105_c1106.o</file>
         <name>dl_sysctl_mspm0c1105_c1106.o</name>
      </input_file>
      <input_file id="fl-32">
         <path>C:\Users\popli\workspace_ccstheia\empty_driverlib_src\Debug\.\ti\driverlib\m0p\sysctl\</path>
         <kind>object</kind>
         <file>dl_sysctl_mspm0c110x.o</file>
         <name>dl_sysctl_mspm0c110x.o</name>
      </input_file>
      <input_file id="fl-33">
         <path>C:\Users\popli\workspace_ccstheia\empty_driverlib_src\Debug\.\ti\driverlib\m0p\sysctl\</path>
         <kind>object</kind>
         <file>dl_sysctl_mspm0g1x0x_g3x0x.o</file>
         <name>dl_sysctl_mspm0g1x0x_g3x0x.o</name>
      </input_file>
      <input_file id="fl-34">
         <path>C:\Users\popli\workspace_ccstheia\empty_driverlib_src\Debug\.\ti\driverlib\m0p\sysctl\</path>
         <kind>object</kind>
         <file>dl_sysctl_mspm0g352x.o</file>
         <name>dl_sysctl_mspm0g352x.o</name>
      </input_file>
      <input_file id="fl-35">
         <path>C:\Users\popli\workspace_ccstheia\empty_driverlib_src\Debug\.\ti\driverlib\m0p\sysctl\</path>
         <kind>object</kind>
         <file>dl_sysctl_mspm0g511x.o</file>
         <name>dl_sysctl_mspm0g511x.o</name>
      </input_file>
      <input_file id="fl-36">
         <path>C:\Users\popli\workspace_ccstheia\empty_driverlib_src\Debug\.\ti\driverlib\m0p\sysctl\</path>
         <kind>object</kind>
         <file>dl_sysctl_mspm0g518x.o</file>
         <name>dl_sysctl_mspm0g518x.o</name>
      </input_file>
      <input_file id="fl-37">
         <path>C:\Users\popli\workspace_ccstheia\empty_driverlib_src\Debug\.\ti\driverlib\m0p\sysctl\</path>
         <kind>object</kind>
         <file>dl_sysctl_mspm0gx218_gx207.o</file>
         <name>dl_sysctl_mspm0gx218_gx207.o</name>
      </input_file>
      <input_file id="fl-38">
         <path>C:\Users\popli\workspace_ccstheia\empty_driverlib_src\Debug\.\ti\driverlib\m0p\sysctl\</path>
         <kind>object</kind>
         <file>dl_sysctl_mspm0gx51x.o</file>
         <name>dl_sysctl_mspm0gx51x.o</name>
      </input_file>
      <input_file id="fl-39">
         <path>C:\Users\popli\workspace_ccstheia\empty_driverlib_src\Debug\.\ti\driverlib\m0p\sysctl\</path>
         <kind>object</kind>
         <file>dl_sysctl_mspm0h321x.o</file>
         <name>dl_sysctl_mspm0h321x.o</name>
      </input_file>
      <input_file id="fl-3a">
         <path>C:\Users\popli\workspace_ccstheia\empty_driverlib_src\Debug\.\ti\driverlib\m0p\sysctl\</path>
         <kind>object</kind>
         <file>dl_sysctl_mspm0l111x.o</file>
         <name>dl_sysctl_mspm0l111x.o</name>
      </input_file>
      <input_file id="fl-3b">
         <path>C:\Users\popli\workspace_ccstheia\empty_driverlib_src\Debug\.\ti\driverlib\m0p\sysctl\</path>
         <kind>object</kind>
         <file>dl_sysctl_mspm0l11xx_l13xx.o</file>
         <name>dl_sysctl_mspm0l11xx_l13xx.o</name>
      </input_file>
      <input_file id="fl-3c">
         <path>C:\Users\popli\workspace_ccstheia\empty_driverlib_src\Debug\.\ti\driverlib\m0p\sysctl\</path>
         <kind>object</kind>
         <file>dl_sysctl_mspm0l122x_l222x.o</file>
         <name>dl_sysctl_mspm0l122x_l222x.o</name>
      </input_file>
      <input_file id="fl-3d">
         <path>C:\Users\popli\workspace_ccstheia\empty_driverlib_src\Debug\.\ti\driverlib\m0p\sysctl\</path>
         <kind>object</kind>
         <file>dl_sysctl_mspm0l211x_l112x.o</file>
         <name>dl_sysctl_mspm0l211x_l112x.o</name>
      </input_file>
      <input_file id="fl-4a">
         <path>C:\Users\popli\workspace_ccstheia\empty_driverlib_src\Debug\</path>
         <kind>object</kind>
         <file>&lt;internal&gt;</file>
         <name>&lt;internal&gt;</name>
      </input_file>
      <input_file id="fl-67">
         <path>C:\ti\ccs2100\ccs\tools\compiler\ti-cgt-armllvm_5.1.1.LTS\lib\armv6m-ti-none-eabi\c\</path>
         <kind>archive</kind>
         <file>libc.a</file>
         <name>boot_cortex_m.c.obj</name>
      </input_file>
      <input_file id="fl-68">
         <path>C:\ti\ccs2100\ccs\tools\compiler\ti-cgt-armllvm_5.1.1.LTS\lib\armv6m-ti-none-eabi\c\</path>
         <kind>archive</kind>
         <file>libc.a</file>
         <name>mathacl_init.c.obj</name>
      </input_file>
      <input_file id="fl-69">
         <path>C:\ti\ccs2100\ccs\tools\compiler\ti-cgt-armllvm_5.1.1.LTS\lib\armv6m-ti-none-eabi\c\</path>
         <kind>archive</kind>
         <file>libc.a</file>
         <name>autoinit.c.obj</name>
      </input_file>
      <input_file id="fl-6a">
         <path>C:\ti\ccs2100\ccs\tools\compiler\ti-cgt-armllvm_5.1.1.LTS\lib\armv6m-ti-none-eabi\c\</path>
         <kind>archive</kind>
         <file>libc.a</file>
         <name>pre_init.c.obj</name>
      </input_file>
      <input_file id="fl-6b">
         <path>C:\ti\ccs2100\ccs\tools\compiler\ti-cgt-armllvm_5.1.1.LTS\lib\armv6m-ti-none-eabi\c\</path>
         <kind>archive</kind>
         <file>libc.a</file>
         <name>cpy_tbl.c.obj</name>
      </input_file>
      <input_file id="fl-6c">
         <path>C:\ti\ccs2100\ccs\tools\compiler\ti-cgt-armllvm_5.1.1.LTS\lib\armv6m-ti-none-eabi\c\</path>
         <kind>archive</kind>
         <file>libc.a</file>
         <name>copy_zero_init.c.obj</name>
      </input_file>
      <input_file id="fl-6d">
         <path>C:\ti\ccs2100\ccs\tools\compiler\ti-cgt-armllvm_5.1.1.LTS\lib\armv6m-ti-none-eabi\c\</path>
         <kind>archive</kind>
         <file>libc.a</file>
         <name>copy_decompress_none.c.obj</name>
      </input_file>
      <input_file id="fl-6e">
         <path>C:\ti\ccs2100\ccs\tools\compiler\ti-cgt-armllvm_5.1.1.LTS\lib\armv6m-ti-none-eabi\c\</path>
         <kind>archive</kind>
         <file>libc.a</file>
         <name>copy_decompress_lzss.c.obj</name>
      </input_file>
      <input_file id="fl-6f">
         <path>C:\ti\ccs2100\ccs\tools\compiler\ti-cgt-armllvm_5.1.1.LTS\lib\armv6m-ti-none-eabi\c\</path>
         <kind>archive</kind>
         <file>libc.a</file>
         <name>exit.c.obj</name>
      </input_file>
      <input_file id="fl-70">
         <path>C:\ti\ccs2100\ccs\tools\compiler\ti-cgt-armllvm_5.1.1.LTS\lib\armv6m-ti-none-eabi\c\</path>
         <kind>archive</kind>
         <file>libc.a</file>
         <name>_lock.c.obj</name>
      </input_file>
      <input_file id="fl-71">
         <path>C:\ti\ccs2100\ccs\tools\compiler\ti-cgt-armllvm_5.1.1.LTS\lib\armv6m-ti-none-eabi\c\</path>
         <kind>archive</kind>
         <file>libc.a</file>
         <name>args_main.c.obj</name>
      </input_file>
      <input_file id="fl-165">
         <path>C:\ti\ccs2100\ccs\tools\compiler\ti-cgt-armllvm_5.1.1.LTS\lib\armv6m-ti-none-eabi\c\</path>
         <kind>archive</kind>
         <file>libsysbm.a</file>
         <name>hostexit.c.obj</name>
      </input_file>
      <input_file id="fl-166">
         <path>C:\ti\ccs2100\ccs\tools\compiler\ti-cgt-armllvm_5.1.1.LTS\lib\armv6m-ti-none-eabi\</path>
         <kind>archive</kind>
         <file>libclang_rt.builtins.a</file>
         <name>aeabi_uidivmod.S.obj</name>
      </input_file>
      <input_file id="fl-167">
         <path>C:\ti\ccs2100\ccs\tools\compiler\ti-cgt-armllvm_5.1.1.LTS\lib\armv6m-ti-none-eabi\</path>
         <kind>archive</kind>
         <file>libclang_rt.builtins.a</file>
         <name>aeabi_memcpy.S.obj</name>
      </input_file>
      <input_file id="fl-168">
         <path>C:\ti\ccs2100\ccs\tools\compiler\ti-cgt-armllvm_5.1.1.LTS\lib\armv6m-ti-none-eabi\</path>
         <kind>archive</kind>
         <file>libclang_rt.builtins.a</file>
         <name>aeabi_memset.S.obj</name>
      </input_file>
      <input_file id="fl-169">
         <path>C:\ti\ccs2100\ccs\tools\compiler\ti-cgt-armllvm_5.1.1.LTS\lib\armv6m-ti-none-eabi\</path>
         <kind>archive</kind>
         <file>libclang_rt.builtins.a</file>
         <name>aeabi_div0.c.obj</name>
      </input_file>
      <input_file id="fl-16a">
         <path>C:\ti\ccs2100\ccs\tools\compiler\ti-cgt-armllvm_5.1.1.LTS\lib\armv6m-ti-none-eabi\c\</path>
         <kind>archive</kind>
         <file>libc.a</file>
         <name>memcpy16.S.obj</name>
      </input_file>
      <input_file id="fl-16b">
         <path>C:\ti\ccs2100\ccs\tools\compiler\ti-cgt-armllvm_5.1.1.LTS\lib\armv6m-ti-none-eabi\c\</path>
         <kind>archive</kind>
         <file>libc.a</file>
         <name>memset16.S.obj</name>
      </input_file>
   </input_file_list>
   <object_component_list>
      <object_component id="oc-19">
         <name>.intvecs</name>
         <load_address>0x0</load_address>
         <readonly>true</readonly>
         <run_address>0x0</run_address>
         <size>0xc0</size>
         <alignment>0x4</alignment>
         <input_file_ref idref="fl-3"/>
      </object_component>
      <object_component id="oc-a4">
         <name>.text.SYSCFG_DL_SYSCTL_init</name>
         <load_address>0xc0</load_address>
         <readonly>true</readonly>
         <executable>true</executable>
         <run_address>0xc0</run_address>
         <size>0x30</size>
         <alignment>0x4</alignment>
         <input_file_ref idref="fl-2"/>
      </object_component>
      <object_component id="oc-a2">
         <name>.text.SYSCFG_DL_initPower</name>
         <load_address>0xf0</load_address>
         <readonly>true</readonly>
         <executable>true</executable>
         <run_address>0xf0</run_address>
         <size>0x2c</size>
         <alignment>0x4</alignment>
         <input_file_ref idref="fl-2"/>
      </object_component>
      <object_component id="oc-4e">
         <name>.text:_c_int00_noinit_noargs</name>
         <load_address>0x11c</load_address>
         <readonly>true</readonly>
         <executable>true</executable>
         <run_address>0x11c</run_address>
         <size>0x20</size>
         <alignment>0x4</alignment>
         <input_file_ref idref="fl-67"/>
      </object_component>
      <object_component id="oc-7b">
         <name>.text.SYSCFG_DL_init</name>
         <load_address>0x13c</load_address>
         <readonly>true</readonly>
         <executable>true</executable>
         <run_address>0x13c</run_address>
         <size>0x10</size>
         <alignment>0x2</alignment>
         <input_file_ref idref="fl-2"/>
      </object_component>
      <object_component id="oc-b9">
         <name>.text.DL_Common_delayCycles</name>
         <load_address>0x14c</load_address>
         <readonly>true</readonly>
         <executable>true</executable>
         <run_address>0x14c</run_address>
         <size>0xa</size>
         <alignment>0x2</alignment>
         <input_file_ref idref="fl-7"/>
      </object_component>
      <object_component id="oc-63">
         <name>.text.main</name>
         <load_address>0x156</load_address>
         <readonly>true</readonly>
         <executable>true</executable>
         <run_address>0x156</run_address>
         <size>0x6</size>
         <alignment>0x2</alignment>
         <input_file_ref idref="fl-1"/>
      </object_component>
      <object_component id="oc-82">
         <name>.text:abort</name>
         <load_address>0x15c</load_address>
         <readonly>true</readonly>
         <executable>true</executable>
         <run_address>0x15c</run_address>
         <size>0x6</size>
         <alignment>0x2</alignment>
         <input_file_ref idref="fl-6f"/>
      </object_component>
      <object_component id="oc-a8">
         <name>.text.HOSTexit</name>
         <load_address>0x162</load_address>
         <readonly>true</readonly>
         <executable>true</executable>
         <run_address>0x162</run_address>
         <size>0x4</size>
         <alignment>0x2</alignment>
         <input_file_ref idref="fl-165"/>
      </object_component>
      <object_component id="oc-30">
         <name>.text.Reset_Handler</name>
         <load_address>0x166</load_address>
         <readonly>true</readonly>
         <executable>true</executable>
         <run_address>0x166</run_address>
         <size>0x4</size>
         <alignment>0x2</alignment>
         <input_file_ref idref="fl-3"/>
      </object_component>
      <object_component id="oc-5f">
         <name>.text._system_pre_init</name>
         <load_address>0x16a</load_address>
         <readonly>true</readonly>
         <executable>true</executable>
         <run_address>0x16a</run_address>
         <size>0x4</size>
         <alignment>0x2</alignment>
         <input_file_ref idref="fl-6a"/>
      </object_component>
      <object_component id="oc-34">
         <name>.text.Default_Handler</name>
         <load_address>0x16e</load_address>
         <readonly>true</readonly>
         <executable>true</executable>
         <run_address>0x16e</run_address>
         <size>0x2</size>
         <alignment>0x2</alignment>
         <input_file_ref idref="fl-3"/>
      </object_component>
      <object_component id="oc-a3">
         <name>.text.SYSCFG_DL_GPIO_init</name>
         <load_address>0x170</load_address>
         <readonly>true</readonly>
         <executable>true</executable>
         <run_address>0x170</run_address>
         <size>0x2</size>
         <alignment>0x2</alignment>
         <input_file_ref idref="fl-2"/>
      </object_component>
      <object_component id="oc-10c">
         <name>__TI_cinit_table</name>
         <load_address>0x0</load_address>
         <readonly>true</readonly>
         <run_address>0x0</run_address>
         <size>0x0</size>
         <alignment>0x4</alignment>
      </object_component>
      <object_component id="oc-d4">
         <name>.binit</name>
         <load_address>0x0</load_address>
         <readonly>true</readonly>
         <run_address>0x0</run_address>
         <size>0x0</size>
         <alignment>0x4</alignment>
      </object_component>
      <object_component id="oc-1b">
         <name>.stack</name>
         <uninitialized>true</uninitialized>
         <readwrite>true</readwrite>
         <run_address>0x20207f00</run_address>
         <size>0x4</size>
         <alignment>0x4</alignment>
         <input_file_ref idref="fl-67"/>
      </object_component>
      <object_component id="oc-10e">
         <name>.stack</name>
         <uninitialized>true</uninitialized>
         <readwrite>true</readwrite>
         <run_address>0x20207f00</run_address>
         <size>0x0</size>
         <alignment>0x8</alignment>
      </object_component>
      <object_component id="oc-80">
         <name>.debug_abbrev</name>
         <load_address>0x0</load_address>
         <run_address>0x0</run_address>
         <size>0x47</size>
         <alignment>0x1</alignment>
         <input_file_ref idref="fl-1"/>
      </object_component>
      <object_component id="oc-a6">
         <name>.debug_abbrev</name>
         <load_address>0x47</load_address>
         <run_address>0x47</run_address>
         <size>0x191</size>
         <alignment>0x1</alignment>
         <input_file_ref idref="fl-2"/>
      </object_component>
      <object_component id="oc-35">
         <name>.debug_abbrev</name>
         <load_address>0x1d8</load_address>
         <run_address>0x1d8</run_address>
         <size>0x6d</size>
         <alignment>0x1</alignment>
         <input_file_ref idref="fl-3"/>
      </object_component>
      <object_component id="oc-c8">
         <name>.debug_abbrev</name>
         <load_address>0x245</load_address>
         <run_address>0x245</run_address>
         <size>0x62</size>
         <alignment>0x1</alignment>
         <input_file_ref idref="fl-7"/>
      </object_component>
      <object_component id="oc-37">
         <name>.debug_abbrev</name>
         <load_address>0x2a7</load_address>
         <run_address>0x2a7</run_address>
         <size>0xaf</size>
         <alignment>0x1</alignment>
         <input_file_ref idref="fl-67"/>
      </object_component>
      <object_component id="oc-79">
         <name>.debug_abbrev</name>
         <load_address>0x356</load_address>
         <run_address>0x356</run_address>
         <size>0x39</size>
         <alignment>0x1</alignment>
         <input_file_ref idref="fl-6a"/>
      </object_component>
      <object_component id="oc-ac">
         <name>.debug_abbrev</name>
         <load_address>0x38f</load_address>
         <run_address>0x38f</run_address>
         <size>0x98</size>
         <alignment>0x1</alignment>
         <input_file_ref idref="fl-6f"/>
      </object_component>
      <object_component id="oc-bd">
         <name>.debug_abbrev</name>
         <load_address>0x427</load_address>
         <run_address>0x427</run_address>
         <size>0x2c</size>
         <alignment>0x1</alignment>
         <input_file_ref idref="fl-165"/>
      </object_component>
      <object_component id="oc-110">
         <name>.debug_abbrev</name>
         <load_address>0x453</load_address>
         <run_address>0x453</run_address>
         <size>0xf</size>
         <alignment>0x0</alignment>
      </object_component>
      <object_component id="oc-64">
         <name>.debug_info</name>
         <load_address>0x0</load_address>
         <run_address>0x0</run_address>
         <size>0x51</size>
         <alignment>0x1</alignment>
         <input_file_ref idref="fl-1"/>
      </object_component>
      <object_component id="oc-7d">
         <name>.debug_info</name>
         <load_address>0x51</load_address>
         <run_address>0x51</run_address>
         <size>0xe5d</size>
         <alignment>0x1</alignment>
         <input_file_ref idref="fl-2"/>
      </object_component>
      <object_component id="oc-1a">
         <name>.debug_info</name>
         <load_address>0xeae</load_address>
         <run_address>0xeae</run_address>
         <size>0x80</size>
         <alignment>0x1</alignment>
         <input_file_ref idref="fl-3"/>
      </object_component>
      <object_component id="oc-bb">
         <name>.debug_info</name>
         <load_address>0xf2e</load_address>
         <run_address>0xf2e</run_address>
         <size>0x75</size>
         <alignment>0x1</alignment>
         <input_file_ref idref="fl-7"/>
      </object_component>
      <object_component id="oc-1c">
         <name>.debug_info</name>
         <load_address>0xfa3</load_address>
         <run_address>0xfa3</run_address>
         <size>0x423</size>
         <alignment>0x1</alignment>
         <input_file_ref idref="fl-67"/>
      </object_component>
      <object_component id="oc-60">
         <name>.debug_info</name>
         <load_address>0x13c6</load_address>
         <run_address>0x13c6</run_address>
         <size>0x46</size>
         <alignment>0x1</alignment>
         <input_file_ref idref="fl-6a"/>
      </object_component>
      <object_component id="oc-83">
         <name>.debug_info</name>
         <load_address>0x140c</load_address>
         <run_address>0x140c</run_address>
         <size>0xf8</size>
         <alignment>0x1</alignment>
         <input_file_ref idref="fl-6f"/>
      </object_component>
      <object_component id="oc-a9">
         <name>.debug_info</name>
         <load_address>0x1504</load_address>
         <run_address>0x1504</run_address>
         <size>0x3b</size>
         <alignment>0x1</alignment>
         <input_file_ref idref="fl-165"/>
      </object_component>
      <object_component id="oc-10f">
         <name>.debug_info</name>
         <load_address>0x153f</load_address>
         <run_address>0x153f</run_address>
         <size>0xaf</size>
         <alignment>0x0</alignment>
      </object_component>
      <object_component id="oc-81">
         <name>.debug_str</name>
         <load_address>0x0</load_address>
         <run_address>0x0</run_address>
         <size>0xd7</size>
         <alignment>0x1</alignment>
         <input_file_ref idref="fl-1"/>
      </object_component>
      <object_component id="oc-a7">
         <name>.debug_str</name>
         <load_address>0xd7</load_address>
         <run_address>0xd7</run_address>
         <size>0x914</size>
         <alignment>0x1</alignment>
         <input_file_ref idref="fl-2"/>
      </object_component>
      <object_component id="oc-36">
         <name>.debug_str</name>
         <load_address>0x9eb</load_address>
         <run_address>0x9eb</run_address>
         <size>0x166</size>
         <alignment>0x1</alignment>
         <input_file_ref idref="fl-3"/>
      </object_component>
      <object_component id="oc-c9">
         <name>.debug_str</name>
         <load_address>0xb51</load_address>
         <run_address>0xb51</run_address>
         <size>0x116</size>
         <alignment>0x1</alignment>
         <input_file_ref idref="fl-7"/>
      </object_component>
      <object_component id="oc-38">
         <name>.debug_str</name>
         <load_address>0xc67</load_address>
         <run_address>0xc67</run_address>
         <size>0x21e</size>
         <alignment>0x1</alignment>
         <input_file_ref idref="fl-67"/>
      </object_component>
      <object_component id="oc-7a">
         <name>.debug_str</name>
         <load_address>0xe85</load_address>
         <run_address>0xe85</run_address>
         <size>0xee</size>
         <alignment>0x1</alignment>
         <input_file_ref idref="fl-6a"/>
      </object_component>
      <object_component id="oc-ad">
         <name>.debug_str</name>
         <load_address>0xf73</load_address>
         <run_address>0xf73</run_address>
         <size>0x141</size>
         <alignment>0x1</alignment>
         <input_file_ref idref="fl-6f"/>
      </object_component>
      <object_component id="oc-be">
         <name>.debug_str</name>
         <load_address>0x10b4</load_address>
         <run_address>0x10b4</run_address>
         <size>0xe2</size>
         <alignment>0x1</alignment>
         <input_file_ref idref="fl-165"/>
      </object_component>
      <object_component id="oc-66">
         <name>.debug_frame</name>
         <load_address>0x0</load_address>
         <run_address>0x0</run_address>
         <size>0x20</size>
         <alignment>0x4</alignment>
         <input_file_ref idref="fl-1"/>
      </object_component>
      <object_component id="oc-7e">
         <name>.debug_frame</name>
         <load_address>0x20</load_address>
         <run_address>0x20</run_address>
         <size>0x60</size>
         <alignment>0x4</alignment>
         <input_file_ref idref="fl-2"/>
      </object_component>
      <object_component id="oc-31">
         <name>.debug_frame</name>
         <load_address>0x80</load_address>
         <run_address>0x80</run_address>
         <size>0x30</size>
         <alignment>0x4</alignment>
         <input_file_ref idref="fl-3"/>
      </object_component>
      <object_component id="oc-bc">
         <name>.debug_frame</name>
         <load_address>0xb0</load_address>
         <run_address>0xb0</run_address>
         <size>0x20</size>
         <alignment>0x4</alignment>
         <input_file_ref idref="fl-7"/>
      </object_component>
      <object_component id="oc-4f">
         <name>.debug_frame</name>
         <load_address>0xd0</load_address>
         <run_address>0xd0</run_address>
         <size>0x90</size>
         <alignment>0x4</alignment>
         <input_file_ref idref="fl-67"/>
      </object_component>
      <object_component id="oc-62">
         <name>.debug_frame</name>
         <load_address>0x160</load_address>
         <run_address>0x160</run_address>
         <size>0x20</size>
         <alignment>0x4</alignment>
         <input_file_ref idref="fl-6a"/>
      </object_component>
      <object_component id="oc-85">
         <name>.debug_frame</name>
         <load_address>0x180</load_address>
         <run_address>0x180</run_address>
         <size>0x30</size>
         <alignment>0x4</alignment>
         <input_file_ref idref="fl-6f"/>
      </object_component>
      <object_component id="oc-aa">
         <name>.debug_frame</name>
         <load_address>0x1b0</load_address>
         <run_address>0x1b0</run_address>
         <size>0x20</size>
         <alignment>0x4</alignment>
         <input_file_ref idref="fl-165"/>
      </object_component>
      <object_component id="oc-65">
         <name>.debug_line</name>
         <load_address>0x0</load_address>
         <run_address>0x0</run_address>
         <size>0x3f</size>
         <alignment>0x1</alignment>
         <input_file_ref idref="fl-1"/>
      </object_component>
      <object_component id="oc-7c">
         <name>.debug_line</name>
         <load_address>0x3f</load_address>
         <run_address>0x3f</run_address>
         <size>0x347</size>
         <alignment>0x1</alignment>
         <input_file_ref idref="fl-2"/>
      </object_component>
      <object_component id="oc-32">
         <name>.debug_line</name>
         <load_address>0x386</load_address>
         <run_address>0x386</run_address>
         <size>0xb8</size>
         <alignment>0x1</alignment>
         <input_file_ref idref="fl-3"/>
      </object_component>
      <object_component id="oc-ba">
         <name>.debug_line</name>
         <load_address>0x43e</load_address>
         <run_address>0x43e</run_address>
         <size>0x100</size>
         <alignment>0x1</alignment>
         <input_file_ref idref="fl-7"/>
      </object_component>
      <object_component id="oc-39">
         <name>.debug_line</name>
         <load_address>0x53e</load_address>
         <run_address>0x53e</run_address>
         <size>0x1d4</size>
         <alignment>0x1</alignment>
         <input_file_ref idref="fl-67"/>
      </object_component>
      <object_component id="oc-61">
         <name>.debug_line</name>
         <load_address>0x712</load_address>
         <run_address>0x712</run_address>
         <size>0x3e</size>
         <alignment>0x1</alignment>
         <input_file_ref idref="fl-6a"/>
      </object_component>
      <object_component id="oc-86">
         <name>.debug_line</name>
         <load_address>0x750</load_address>
         <run_address>0x750</run_address>
         <size>0x61</size>
         <alignment>0x1</alignment>
         <input_file_ref idref="fl-6f"/>
      </object_component>
      <object_component id="oc-ab">
         <name>.debug_line</name>
         <load_address>0x7b1</load_address>
         <run_address>0x7b1</run_address>
         <size>0x41</size>
         <alignment>0x1</alignment>
         <input_file_ref idref="fl-165"/>
      </object_component>
      <object_component id="oc-a5">
         <name>.debug_loc</name>
         <load_address>0x0</load_address>
         <run_address>0x0</run_address>
         <size>0x1b</size>
         <alignment>0x1</alignment>
         <input_file_ref idref="fl-2"/>
      </object_component>
      <object_component id="oc-ca">
         <name>.debug_loc</name>
         <load_address>0x1b</load_address>
         <run_address>0x1b</run_address>
         <size>0x13</size>
         <alignment>0x1</alignment>
         <input_file_ref idref="fl-7"/>
      </object_component>
      <object_component id="oc-3b">
         <name>.debug_loc</name>
         <load_address>0x2e</load_address>
         <run_address>0x2e</run_address>
         <size>0xd8</size>
         <alignment>0x1</alignment>
         <input_file_ref idref="fl-67"/>
      </object_component>
      <object_component id="oc-88">
         <name>.debug_loc</name>
         <load_address>0x106</load_address>
         <run_address>0x106</run_address>
         <size>0x26</size>
         <alignment>0x1</alignment>
         <input_file_ref idref="fl-6f"/>
      </object_component>
      <object_component id="oc-7f">
         <name>.debug_ranges</name>
         <load_address>0x0</load_address>
         <run_address>0x0</run_address>
         <size>0x28</size>
         <alignment>0x1</alignment>
         <input_file_ref idref="fl-2"/>
      </object_component>
      <object_component id="oc-33">
         <name>.debug_ranges</name>
         <load_address>0x28</load_address>
         <run_address>0x28</run_address>
         <size>0x18</size>
         <alignment>0x1</alignment>
         <input_file_ref idref="fl-3"/>
      </object_component>
      <object_component id="oc-3a">
         <name>.debug_ranges</name>
         <load_address>0x40</load_address>
         <run_address>0x40</run_address>
         <size>0x48</size>
         <alignment>0x1</alignment>
         <input_file_ref idref="fl-67"/>
      </object_component>
      <object_component id="oc-84">
         <name>.debug_ranges</name>
         <load_address>0x88</load_address>
         <run_address>0x88</run_address>
         <size>0x18</size>
         <alignment>0x1</alignment>
         <input_file_ref idref="fl-6f"/>
      </object_component>
   </object_component_list>
   <logical_group_list>
      <logical_group id="lg-2" display="no" color="cyan">
         <name>.intvecs</name>
         <load_address>0x0</load_address>
         <run_address>0x0</run_address>
         <size>0xc0</size>
         <contents>
            <object_component_ref idref="oc-19"/>
         </contents>
      </logical_group>
      <logical_group id="lg-3" display="no" color="cyan">
         <name>.text</name>
         <load_address>0xc0</load_address>
         <run_address>0xc0</run_address>
         <size>0xb8</size>
         <contents>
            <object_component_ref idref="oc-a4"/>
            <object_component_ref idref="oc-a2"/>
            <object_component_ref idref="oc-4e"/>
            <object_component_ref idref="oc-7b"/>
            <object_component_ref idref="oc-b9"/>
            <object_component_ref idref="oc-63"/>
            <object_component_ref idref="oc-82"/>
            <object_component_ref idref="oc-a8"/>
            <object_component_ref idref="oc-30"/>
            <object_component_ref idref="oc-5f"/>
            <object_component_ref idref="oc-34"/>
            <object_component_ref idref="oc-a3"/>
         </contents>
      </logical_group>
      <logical_group id="lg-4" display="no" color="cyan">
         <name>.const</name>
         <run_address>0x0</run_address>
         <size>0x0</size>
         <contents>
         </contents>
      </logical_group>
      <logical_group id="lg-5" display="no" color="cyan">
         <name>.cinit</name>
         <load_address>0x0</load_address>
         <run_address>0x0</run_address>
         <size>0x0</size>
         <contents>
            <object_component_ref idref="oc-10c"/>
         </contents>
      </logical_group>
      <logical_group id="lg-6" display="no" color="cyan">
         <name>.pinit</name>
         <run_address>0x0</run_address>
         <size>0x0</size>
         <contents>
         </contents>
      </logical_group>
      <logical_group id="lg-7" display="no" color="cyan">
         <name>.rodata</name>
         <run_address>0x0</run_address>
         <size>0x0</size>
         <contents>
         </contents>
      </logical_group>
      <logical_group id="lg-8" display="no" color="cyan">
         <name>.ARM.exidx</name>
         <run_address>0x0</run_address>
         <size>0x0</size>
         <contents>
         </contents>
      </logical_group>
      <logical_group id="lg-9" display="no" color="cyan">
         <name>.init_array</name>
         <run_address>0x0</run_address>
         <size>0x0</size>
         <contents>
         </contents>
      </logical_group>
      <logical_group id="lg-a" display="no" color="cyan">
         <name>.binit</name>
         <load_address>0x0</load_address>
         <run_address>0x0</run_address>
         <size>0x0</size>
         <contents>
            <object_component_ref idref="oc-d4"/>
         </contents>
      </logical_group>
      <logical_group id="lg-b" display="no" color="cyan">
         <name>.TI.ramfunc</name>
         <run_address>0x0</run_address>
         <size>0x0</size>
         <contents>
         </contents>
      </logical_group>
      <logical_group id="lg-c" display="no" color="cyan">
         <name>.vtable</name>
         <run_address>0x0</run_address>
         <size>0x0</size>
         <contents>
         </contents>
      </logical_group>
      <logical_group id="lg-d" display="no" color="cyan">
         <name>.args</name>
         <run_address>0x0</run_address>
         <size>0x0</size>
         <contents>
         </contents>
      </logical_group>
      <logical_group id="lg-e" display="no" color="cyan">
         <name>.data</name>
         <run_address>0x0</run_address>
         <size>0x0</size>
         <contents>
         </contents>
      </logical_group>
      <logical_group id="lg-f" display="no" color="cyan">
         <name>.bss</name>
         <run_address>0x0</run_address>
         <size>0x0</size>
         <contents>
         </contents>
      </logical_group>
      <logical_group id="lg-10" display="no" color="cyan">
         <name>.sysmem</name>
         <run_address>0x0</run_address>
         <size>0x0</size>
         <contents>
         </contents>
      </logical_group>
      <logical_group id="lg-11" display="no" color="cyan">
         <name>.stack</name>
         <run_address>0x20207f00</run_address>
         <size>0x100</size>
         <contents>
            <object_component_ref idref="oc-1b"/>
            <object_component_ref idref="oc-10e"/>
         </contents>
      </logical_group>
      <logical_group id="lg-12" display="no" color="cyan">
         <name>.BCRConfig</name>
         <run_address>0x0</run_address>
         <size>0x0</size>
         <contents>
         </contents>
      </logical_group>
      <logical_group id="lg-13" display="no" color="cyan">
         <name>.BSLConfig</name>
         <run_address>0x0</run_address>
         <size>0x0</size>
         <contents>
         </contents>
      </logical_group>
      <logical_group id="lg-14" display="no" color="cyan">
         <name>.DataBank</name>
         <run_address>0x0</run_address>
         <size>0x0</size>
         <contents>
         </contents>
      </logical_group>
      <logical_group id="lg-cb" display="no" color="cyan">
         <name>.TI.noinit</name>
         <run_address>0x0</run_address>
         <size>0x0</size>
         <contents>
         </contents>
      </logical_group>
      <logical_group id="lg-cc" display="no" color="cyan">
         <name>.TI.persistent</name>
         <run_address>0x0</run_address>
         <size>0x0</size>
         <contents>
         </contents>
      </logical_group>
      <logical_group id="lg-cd" display="no" color="cyan">
         <name>.TI.local</name>
         <run_address>0x0</run_address>
         <size>0x0</size>
         <contents>
         </contents>
      </logical_group>
      <logical_group id="lg-ce" display="no" color="cyan">
         <name>.TI.onchip</name>
         <run_address>0x0</run_address>
         <size>0x0</size>
         <contents>
         </contents>
      </logical_group>
      <logical_group id="lg-cf" display="no" color="cyan">
         <name>.TI.offchip</name>
         <run_address>0x0</run_address>
         <size>0x0</size>
         <contents>
         </contents>
      </logical_group>
      <logical_group id="lg-d0" display="no" color="cyan">
         <name>__llvm_prf_cnts</name>
         <run_address>0x20200000</run_address>
         <size>0x0</size>
         <contents>
         </contents>
      </logical_group>
      <logical_group id="lg-d2" display="no" color="cyan">
         <name>__llvm_prf_bits</name>
         <run_address>0x20200000</run_address>
         <size>0x0</size>
         <contents>
         </contents>
      </logical_group>
      <logical_group id="lg-ef" display="never" color="cyan">
         <name>.debug_abbrev</name>
         <load_address>0x0</load_address>
         <run_address>0x0</run_address>
         <size>0x462</size>
         <contents>
            <object_component_ref idref="oc-80"/>
            <object_component_ref idref="oc-a6"/>
            <object_component_ref idref="oc-35"/>
            <object_component_ref idref="oc-c8"/>
            <object_component_ref idref="oc-37"/>
            <object_component_ref idref="oc-79"/>
            <object_component_ref idref="oc-ac"/>
            <object_component_ref idref="oc-bd"/>
            <object_component_ref idref="oc-110"/>
         </contents>
      </logical_group>
      <logical_group id="lg-f1" display="never" color="cyan">
         <name>.debug_info</name>
         <load_address>0x0</load_address>
         <run_address>0x0</run_address>
         <size>0x15ee</size>
         <contents>
            <object_component_ref idref="oc-64"/>
            <object_component_ref idref="oc-7d"/>
            <object_component_ref idref="oc-1a"/>
            <object_component_ref idref="oc-bb"/>
            <object_component_ref idref="oc-1c"/>
            <object_component_ref idref="oc-60"/>
            <object_component_ref idref="oc-83"/>
            <object_component_ref idref="oc-a9"/>
            <object_component_ref idref="oc-10f"/>
         </contents>
      </logical_group>
      <logical_group id="lg-f3" display="never" color="cyan">
         <name>.debug_str</name>
         <load_address>0x0</load_address>
         <run_address>0x0</run_address>
         <size>0x1196</size>
         <contents>
            <object_component_ref idref="oc-81"/>
            <object_component_ref idref="oc-a7"/>
            <object_component_ref idref="oc-36"/>
            <object_component_ref idref="oc-c9"/>
            <object_component_ref idref="oc-38"/>
            <object_component_ref idref="oc-7a"/>
            <object_component_ref idref="oc-ad"/>
            <object_component_ref idref="oc-be"/>
         </contents>
      </logical_group>
      <logical_group id="lg-f5" display="never" color="cyan">
         <name>.debug_frame</name>
         <load_address>0x0</load_address>
         <run_address>0x0</run_address>
         <size>0x1d0</size>
         <contents>
            <object_component_ref idref="oc-66"/>
            <object_component_ref idref="oc-7e"/>
            <object_component_ref idref="oc-31"/>
            <object_component_ref idref="oc-bc"/>
            <object_component_ref idref="oc-4f"/>
            <object_component_ref idref="oc-62"/>
            <object_component_ref idref="oc-85"/>
            <object_component_ref idref="oc-aa"/>
         </contents>
      </logical_group>
      <logical_group id="lg-f7" display="never" color="cyan">
         <name>.debug_line</name>
         <load_address>0x0</load_address>
         <run_address>0x0</run_address>
         <size>0x7f2</size>
         <contents>
            <object_component_ref idref="oc-65"/>
            <object_component_ref idref="oc-7c"/>
            <object_component_ref idref="oc-32"/>
            <object_component_ref idref="oc-ba"/>
            <object_component_ref idref="oc-39"/>
            <object_component_ref idref="oc-61"/>
            <object_component_ref idref="oc-86"/>
            <object_component_ref idref="oc-ab"/>
         </contents>
      </logical_group>
      <logical_group id="lg-f9" display="never" color="cyan">
         <name>.debug_loc</name>
         <load_address>0x0</load_address>
         <run_address>0x0</run_address>
         <size>0x12c</size>
         <contents>
            <object_component_ref idref="oc-a5"/>
            <object_component_ref idref="oc-ca"/>
            <object_component_ref idref="oc-3b"/>
            <object_component_ref idref="oc-88"/>
         </contents>
      </logical_group>
      <logical_group id="lg-fb" display="never" color="cyan">
         <name>.debug_ranges</name>
         <load_address>0x0</load_address>
         <run_address>0x0</run_address>
         <size>0xa0</size>
         <contents>
            <object_component_ref idref="oc-7f"/>
            <object_component_ref idref="oc-33"/>
            <object_component_ref idref="oc-3a"/>
            <object_component_ref idref="oc-84"/>
         </contents>
      </logical_group>
      <logical_group id="lg-10d" display="no" color="cyan">
         <name>Veneer$$CMSE</name>
         <run_address>0x0</run_address>
         <size>0x0</size>
         <contents>
         </contents>
      </logical_group>
      <load_segment id="lg-112" display="no" color="cyan">
         <name>SEGMENT_0</name>
         <load_address>0x0</load_address>
         <run_address>0x0</run_address>
         <size>0x178</size>
         <flags>0x5</flags>
         <contents>
            <logical_group_ref idref="lg-2"/>
            <logical_group_ref idref="lg-3"/>
         </contents>
      </load_segment>
      <load_segment id="lg-113" display="no" color="cyan">
         <name>SEGMENT_1</name>
         <run_address>0x20207f00</run_address>
         <size>0x100</size>
         <flags>0x6</flags>
         <contents>
            <logical_group_ref idref="lg-11"/>
         </contents>
      </load_segment>
   </logical_group_list>
   <placement_map>
      <memory_area display="yes" color="green">
         <name>FLASH</name>
         <page_id>0x0</page_id>
         <origin>0x0</origin>
         <length>0x20000</length>
         <used_space>0x178</used_space>
         <unused_space>0x1fe88</unused_space>
         <attributes>RX</attributes>
         <usage_details>
            <allocated_space>
               <start_address>0x0</start_address>
               <size>0x0</size>
               <logical_group_ref idref="lg-5"/>
            </allocated_space>
            <allocated_space>
               <start_address>0x0</start_address>
               <size>0x0</size>
               <logical_group_ref idref="lg-a"/>
            </allocated_space>
            <allocated_space>
               <start_address>0x0</start_address>
               <size>0xc0</size>
               <logical_group_ref idref="lg-2"/>
            </allocated_space>
            <allocated_space>
               <start_address>0xc0</start_address>
               <size>0xb8</size>
               <logical_group_ref idref="lg-3"/>
            </allocated_space>
            <available_space>
               <start_address>0x178</start_address>
               <size>0x1fe88</size>
            </available_space>
         </usage_details>
      </memory_area>
      <memory_area display="yes" color="green">
         <name>SRAM</name>
         <page_id>0x0</page_id>
         <origin>0x20200000</origin>
         <length>0x8000</length>
         <used_space>0x100</used_space>
         <unused_space>0x7f00</unused_space>
         <attributes>RWX</attributes>
         <usage_details>
            <allocated_space>
               <start_address>0x20200000</start_address>
               <size>0x0</size>
               <logical_group_ref idref="lg-d0"/>
            </allocated_space>
            <allocated_space>
               <start_address>0x20200000</start_address>
               <size>0x0</size>
               <logical_group_ref idref="lg-d2"/>
            </allocated_space>
            <available_space>
               <start_address>0x20200000</start_address>
               <size>0x7f00</size>
            </available_space>
            <allocated_space>
               <start_address>0x20207f00</start_address>
               <size>0x100</size>
               <logical_group_ref idref="lg-11"/>
            </allocated_space>
         </usage_details>
      </memory_area>
      <memory_area display="yes" color="green">
         <name>BCR_CONFIG</name>
         <page_id>0x0</page_id>
         <origin>0x41c00000</origin>
         <length>0xff</length>
         <used_space>0x0</used_space>
         <unused_space>0xff</unused_space>
         <attributes>R</attributes>
         <usage_details>
         </usage_details>
      </memory_area>
      <memory_area display="yes" color="green">
         <name>BSL_CONFIG</name>
         <page_id>0x0</page_id>
         <origin>0x41c00100</origin>
         <length>0x80</length>
         <used_space>0x0</used_space>
         <unused_space>0x80</unused_space>
         <attributes>R</attributes>
         <usage_details>
         </usage_details>
      </memory_area>
      <memory_area display="yes" color="green">
         <name>DATA</name>
         <page_id>0x0</page_id>
         <origin>0x41d00000</origin>
         <length>0x2000</length>
         <used_space>0x0</used_space>
         <unused_space>0x2000</unused_space>
         <attributes>R</attributes>
         <usage_details>
         </usage_details>
      </memory_area>
   </placement_map>
   <symbol_table>
      <symbol id="sm-1">
         <name>__start___llvm_prf_cnts</name>
         <value>0x20200000</value>
      </symbol>
      <symbol id="sm-2">
         <name>__stop___llvm_prf_cnts</name>
         <value>0x20200000</value>
      </symbol>
      <symbol id="sm-3">
         <name>__start___llvm_prf_bits</name>
         <value>0x20200000</value>
      </symbol>
      <symbol id="sm-4">
         <name>__stop___llvm_prf_bits</name>
         <value>0x20200000</value>
      </symbol>
      <symbol id="sm-5">
         <name>__TI_CINIT_Base</name>
         <value>0x0</value>
      </symbol>
      <symbol id="sm-6">
         <name>__TI_CINIT_Limit</name>
         <value>0x0</value>
      </symbol>
      <symbol id="sm-7">
         <name>__TI_CINIT_Warm</name>
         <value>0x0</value>
      </symbol>
      <symbol id="sm-8">
         <name>binit</name>
         <value>0xffffffff</value>
      </symbol>
      <symbol id="sm-9">
         <name>__binit__</name>
         <value>0xffffffff</value>
      </symbol>
      <symbol id="sm-a">
         <name>__STACK_SIZE</name>
         <value>0x100</value>
      </symbol>
      <symbol id="sm-b">
         <name>__STACK_END</name>
         <value>0x20208000</value>
      </symbol>
      <symbol id="sm-c">
         <name>__TI_pprof_out_hndl</name>
         <value>0xffffffff</value>
      </symbol>
      <symbol id="sm-d">
         <name>__TI_prof_data_start</name>
         <value>0xffffffff</value>
      </symbol>
      <symbol id="sm-e">
         <name>__TI_prof_data_size</name>
         <value>0xffffffff</value>
      </symbol>
      <symbol id="sm-f">
         <name>__TI_static_base__</name>
         <value>0x0</value>
      </symbol>
      <symbol id="sm-39">
         <name>main</name>
         <value>0x157</value>
         <object_component_ref idref="oc-63"/>
      </symbol>
      <symbol id="sm-4b">
         <name>SYSCFG_DL_init</name>
         <value>0x13d</value>
         <object_component_ref idref="oc-7b"/>
      </symbol>
      <symbol id="sm-4c">
         <name>SYSCFG_DL_initPower</name>
         <value>0xf1</value>
         <object_component_ref idref="oc-a2"/>
      </symbol>
      <symbol id="sm-4d">
         <name>SYSCFG_DL_GPIO_init</name>
         <value>0x171</value>
         <object_component_ref idref="oc-a3"/>
      </symbol>
      <symbol id="sm-4e">
         <name>SYSCFG_DL_SYSCTL_init</name>
         <value>0xc1</value>
         <object_component_ref idref="oc-a4"/>
      </symbol>
      <symbol id="sm-59">
         <name>Default_Handler</name>
         <value>0x16f</value>
         <object_component_ref idref="oc-34"/>
      </symbol>
      <symbol id="sm-5a">
         <name>Reset_Handler</name>
         <value>0x167</value>
         <object_component_ref idref="oc-30"/>
      </symbol>
      <symbol id="sm-5b">
         <name>interruptVectors</name>
         <value>0x0</value>
         <object_component_ref idref="oc-19"/>
      </symbol>
      <symbol id="sm-5c">
         <name>NMI_Handler</name>
         <value>0x16f</value>
         <object_component_ref idref="oc-34"/>
      </symbol>
      <symbol id="sm-5d">
         <name>HardFault_Handler</name>
         <value>0x16f</value>
         <object_component_ref idref="oc-34"/>
      </symbol>
      <symbol id="sm-5e">
         <name>SVC_Handler</name>
         <value>0x16f</value>
         <object_component_ref idref="oc-34"/>
      </symbol>
      <symbol id="sm-5f">
         <name>PendSV_Handler</name>
         <value>0x16f</value>
         <object_component_ref idref="oc-34"/>
      </symbol>
      <symbol id="sm-60">
         <name>SysTick_Handler</name>
         <value>0x16f</value>
         <object_component_ref idref="oc-34"/>
      </symbol>
      <symbol id="sm-61">
         <name>GROUP0_IRQHandler</name>
         <value>0x16f</value>
         <object_component_ref idref="oc-34"/>
      </symbol>
      <symbol id="sm-62">
         <name>GROUP1_IRQHandler</name>
         <value>0x16f</value>
         <object_component_ref idref="oc-34"/>
      </symbol>
      <symbol id="sm-63">
         <name>TIMB0_IRQHandler</name>
         <value>0x16f</value>
         <object_component_ref idref="oc-34"/>
      </symbol>
      <symbol id="sm-64">
         <name>ADC0_IRQHandler</name>
         <value>0x16f</value>
         <object_component_ref idref="oc-34"/>
      </symbol>
      <symbol id="sm-65">
         <name>USBFS0_IRQHandler</name>
         <value>0x16f</value>
         <object_component_ref idref="oc-34"/>
      </symbol>
      <symbol id="sm-66">
         <name>UC0_IRQHandler</name>
         <value>0x16f</value>
         <object_component_ref idref="oc-34"/>
      </symbol>
      <symbol id="sm-67">
         <name>UC1_IRQHandler</name>
         <value>0x16f</value>
         <object_component_ref idref="oc-34"/>
      </symbol>
      <symbol id="sm-68">
         <name>I2S0_IRQHandler</name>
         <value>0x16f</value>
         <object_component_ref idref="oc-34"/>
      </symbol>
      <symbol id="sm-69">
         <name>NPU_IRQHandler</name>
         <value>0x16f</value>
         <object_component_ref idref="oc-34"/>
      </symbol>
      <symbol id="sm-6a">
         <name>UC2_IRQHandler</name>
         <value>0x16f</value>
         <object_component_ref idref="oc-34"/>
      </symbol>
      <symbol id="sm-6b">
         <name>UC3_IRQHandler</name>
         <value>0x16f</value>
         <object_component_ref idref="oc-34"/>
      </symbol>
      <symbol id="sm-6c">
         <name>TIMG0_IRQHandler</name>
         <value>0x16f</value>
         <object_component_ref idref="oc-34"/>
      </symbol>
      <symbol id="sm-6d">
         <name>TIMG6_IRQHandler</name>
         <value>0x16f</value>
         <object_component_ref idref="oc-34"/>
      </symbol>
      <symbol id="sm-6e">
         <name>TIMA0_IRQHandler</name>
         <value>0x16f</value>
         <object_component_ref idref="oc-34"/>
      </symbol>
      <symbol id="sm-6f">
         <name>TIMG7_IRQHandler</name>
         <value>0x16f</value>
         <object_component_ref idref="oc-34"/>
      </symbol>
      <symbol id="sm-70">
         <name>AESADV_IRQHandler</name>
         <value>0x16f</value>
         <object_component_ref idref="oc-34"/>
      </symbol>
      <symbol id="sm-71">
         <name>LFSS_IRQHandler</name>
         <value>0x16f</value>
         <object_component_ref idref="oc-34"/>
      </symbol>
      <symbol id="sm-72">
         <name>DMA_IRQHandler</name>
         <value>0x16f</value>
         <object_component_ref idref="oc-34"/>
      </symbol>
      <symbol id="sm-7e">
         <name>DL_Common_delayCycles</name>
         <value>0x14d</value>
         <object_component_ref idref="oc-b9"/>
      </symbol>
      <symbol id="sm-b5">
         <name>__TI_ATRegion0_src_addr</name>
         <value>0x0</value>
      </symbol>
      <symbol id="sm-b6">
         <name>__TI_ATRegion0_trg_addr</name>
         <value>0x0</value>
      </symbol>
      <symbol id="sm-b7">
         <name>__TI_ATRegion0_region_sz</name>
         <value>0x0</value>
      </symbol>
      <symbol id="sm-b8">
         <name>__TI_ATRegion1_src_addr</name>
         <value>0x0</value>
      </symbol>
      <symbol id="sm-b9">
         <name>__TI_ATRegion1_trg_addr</name>
         <value>0x0</value>
      </symbol>
      <symbol id="sm-ba">
         <name>__TI_ATRegion1_region_sz</name>
         <value>0x0</value>
      </symbol>
      <symbol id="sm-bb">
         <name>__TI_ATRegion2_src_addr</name>
         <value>0x0</value>
      </symbol>
      <symbol id="sm-bc">
         <name>__TI_ATRegion2_trg_addr</name>
         <value>0x0</value>
      </symbol>
      <symbol id="sm-bd">
         <name>__TI_ATRegion2_region_sz</name>
         <value>0x0</value>
      </symbol>
      <symbol id="sm-c9">
         <name>_c_int00_noinit_noargs</name>
         <value>0x11d</value>
         <object_component_ref idref="oc-4e"/>
      </symbol>
      <symbol id="sm-ca">
         <name>__stack</name>
         <value>0x20207f00</value>
         <object_component_ref idref="oc-1b"/>
      </symbol>
      <symbol id="sm-d4">
         <name>_system_pre_init</name>
         <value>0x16b</value>
         <object_component_ref idref="oc-5f"/>
      </symbol>
      <symbol id="sm-e2">
         <name>abort</name>
         <value>0x15d</value>
         <object_component_ref idref="oc-82"/>
      </symbol>
      <symbol id="sm-ec">
         <name>HOSTexit</name>
         <value>0x163</value>
         <object_component_ref idref="oc-a8"/>
      </symbol>
      <symbol id="sm-ed">
         <name>C$$EXIT</name>
         <value>0x162</value>
         <object_component_ref idref="oc-a8"/>
      </symbol>
      <symbol id="sm-ef">
         <name>__mpu_init</name>
         <value>0x0</value>
      </symbol>
   </symbol_table>
   <title>Link successful</title>
</link_info>
